// Jest Snapshot v1, https://goo.gl/fbAQLP

exports[`PlusButton 通常のPlusButtonを描画できる 1`] = `
<View
  accessible={true}
  focusable={true}
  onClick={[Function]}
  onResponderGrant={[Function]}
  onResponderMove={[Function]}
  onResponderRelease={[Function]}
  onResponderTerminate={[Function]}
  onResponderTerminationRequest={[Function]}
  onStartShouldSetResponder={[Function]}
  style={
    Object {
      "alignItems": "center",
      "backgroundColor": "#008080",
      "height": 50,
      "justifyContent": "center",
      "opacity": 1,
      "width": 50,
    }
  }
>
  <Text
    style={
      Object {
        "color": "white",
        "fontSize": 20,
      }
    }
  >
    +
  </Text>
</View>
`;
